== flags_check_and_dry_run json
exit 2
counts applied=0 check_not_run=0 failed_check=0 partially_applied=0 refused_apply=0 refused_parse=0 landed 0
pricing strict_candidates=0 strict_would_refuse=0 strict_would_refuse_broke=0 strict_would_refuse_held=0 strict_would_refuse_unchecked=0
--check cannot run under --dry-run: nothing is written, so there is nothing to verify. Drop one of the two — a check that did not run is not a pass
== flags_check_and_dry_run human
exit 2
counts applied=0 check_not_run=0 failed_check=0 partially_applied=0 refused_apply=0 refused_parse=0 landed 0
pricing strict_candidates=0 strict_would_refuse=0 strict_would_refuse_broke=0 strict_would_refuse_held=0 strict_would_refuse_unchecked=0
--check cannot run under --dry-run: nothing is written, so there is nothing to verify. Drop one of the two — a check that did not run is not a pass
== flags_check_and_no_check json
exit 2
counts applied=0 check_not_run=0 failed_check=0 partially_applied=0 refused_apply=0 refused_parse=0 landed 0
pricing strict_candidates=0 strict_would_refuse=0 strict_would_refuse_broke=0 strict_would_refuse_held=0 strict_would_refuse_unchecked=0
--check and --no-check contradict each other: drop one
== flags_check_and_no_check human
exit 2
counts applied=0 check_not_run=0 failed_check=0 partially_applied=0 refused_apply=0 refused_parse=0 landed 0
pricing strict_candidates=0 strict_would_refuse=0 strict_would_refuse_broke=0 strict_would_refuse_held=0 strict_would_refuse_unchecked=0
--check and --no-check contradict each other: drop one
== then_sh_empty json
exit 2
counts applied=0 check_not_run=0 failed_check=0 partially_applied=0 refused_apply=0 refused_parse=0 landed 0
pricing strict_candidates=0 strict_would_refuse=0 strict_would_refuse_broke=0 strict_would_refuse_held=0 strict_would_refuse_unchecked=0
{
  "root": "<ROOT>"
  "dry_run": false
  "applied": false
  "files": []
  "hunks": []
  "failed": 0
  "advisories": 0
  "pattern": {
    "advisory_writes": 0
    "window": 0
    "fires": false
  }
  "error": "--then-sh needs a command: a step with none would run nothing and pass"
}
--then-sh needs a command: a step with none would run nothing and pass
== then_sh_empty human
exit 2
counts applied=0 check_not_run=0 failed_check=0 partially_applied=0 refused_apply=0 refused_parse=0 landed 0
pricing strict_candidates=0 strict_would_refuse=0 strict_would_refuse_broke=0 strict_would_refuse_held=0 strict_would_refuse_unchecked=0
--then-sh needs a command: a step with none would run nothing and pass
== plan_unreadable json
exit 2
counts applied=0 check_not_run=0 failed_check=0 partially_applied=0 refused_apply=0 refused_parse=0 landed 0
pricing strict_candidates=0 strict_would_refuse=0 strict_would_refuse_broke=0 strict_would_refuse_held=0 strict_would_refuse_unchecked=0
{
  "root": "<ROOT>"
  "dry_run": false
  "applied": false
  "files": []
  "hunks": []
  "failed": 0
  "advisories": 0
  "pattern": {
    "advisory_writes": 0
    "window": 0
    "fires": false
  }
  "error": "open no-such-plan.mrw: no such file or directory — looked in the working directory <CWD>, because --root (<ROOT>) moves the paths INSIDE a plan and not the plan file itself"
}
open no-such-plan.mrw: no such file or directory — looked in the working directory <CWD>, because --root (<ROOT>) moves the paths INSIDE a plan and not the plan file itself
== plan_unreadable human
exit 2
counts applied=0 check_not_run=0 failed_check=0 partially_applied=0 refused_apply=0 refused_parse=0 landed 0
pricing strict_candidates=0 strict_would_refuse=0 strict_would_refuse_broke=0 strict_would_refuse_held=0 strict_would_refuse_unchecked=0
open no-such-plan.mrw: no such file or directory — looked in the working directory <CWD>, because --root (<ROOT>) moves the paths INSIDE a plan and not the plan file itself
== format_unknown json
exit 2
counts applied=0 check_not_run=0 failed_check=0 partially_applied=0 refused_apply=0 refused_parse=0 landed 0
pricing strict_candidates=0 strict_would_refuse=0 strict_would_refuse_broke=0 strict_would_refuse_held=0 strict_would_refuse_unchecked=0
{
  "root": "<ROOT>"
  "dry_run": false
  "applied": false
  "files": []
  "hunks": []
  "failed": 0
  "advisories": 0
  "pattern": {
    "advisory_writes": 0
    "window": 0
    "fires": false
  }
  "error": "unknown --format \"bogus\" (plan, apply_patch, or search_replace)"
}
unknown --format "bogus" (plan, apply_patch, or search_replace)
== format_unknown human
exit 2
counts applied=0 check_not_run=0 failed_check=0 partially_applied=0 refused_apply=0 refused_parse=0 landed 0
pricing strict_candidates=0 strict_would_refuse=0 strict_would_refuse_broke=0 strict_would_refuse_held=0 strict_would_refuse_unchecked=0
unknown --format "bogus" (plan, apply_patch, or search_replace)
== parse_refused json
exit 2
counts applied=0 check_not_run=0 failed_check=0 partially_applied=0 refused_apply=0 refused_parse=1 landed 0
pricing strict_candidates=0 strict_would_refuse=0 strict_would_refuse_broke=0 strict_would_refuse_held=0 strict_would_refuse_unchecked=0
{
  "root": "<ROOT>"
  "dry_run": false
  "applied": false
  "files": []
  "hunks": []
  "failed": 0
  "advisories": 0
  "pattern": {
    "advisory_writes": 0
    "window": 0
    "fires": false
  }
  "error": "<PLAN>: plan has 1 error(s):\n  line 1: text before the first @@ header: \"not a plan\""
}
<PLAN>: plan has 1 error(s):
  line 1: text before the first @@ header: "not a plan"
== parse_refused human
exit 2
counts applied=0 check_not_run=0 failed_check=0 partially_applied=0 refused_apply=0 refused_parse=1 landed 0
pricing strict_candidates=0 strict_would_refuse=0 strict_would_refuse_broke=0 strict_would_refuse_held=0 strict_would_refuse_unchecked=0
<PLAN>: plan has 1 error(s):
  line 1: text before the first @@ header: "not a plan"
== apply_patch_refused json
exit 2
counts applied=0 check_not_run=0 failed_check=0 partially_applied=0 refused_apply=0 refused_parse=1 landed 0
pricing strict_candidates=0 strict_would_refuse=0 strict_would_refuse_broke=0 strict_would_refuse_held=0 strict_would_refuse_unchecked=0
{
  "root": "<ROOT>"
  "dry_run": false
  "applied": false
  "files": []
  "hunks": []
  "failed": 0
  "advisories": 0
  "pattern": {
    "advisory_writes": 0
    "window": 0
    "fires": false
  }
  "error": "<PLAN>: apply_patch: missing *** Begin Patch"
}
<PLAN>: apply_patch: missing *** Begin Patch
== apply_patch_refused human
exit 2
counts applied=0 check_not_run=0 failed_check=0 partially_applied=0 refused_apply=0 refused_parse=1 landed 0
pricing strict_candidates=0 strict_would_refuse=0 strict_would_refuse_broke=0 strict_would_refuse_held=0 strict_would_refuse_unchecked=0
<PLAN>: apply_patch: missing *** Begin Patch
== search_replace_refused json
exit 2
counts applied=0 check_not_run=0 failed_check=0 partially_applied=0 refused_apply=0 refused_parse=1 landed 0
pricing strict_candidates=0 strict_would_refuse=0 strict_would_refuse_broke=0 strict_would_refuse_held=0 strict_would_refuse_unchecked=0
{
  "root": "<ROOT>"
  "dry_run": false
  "applied": false
  "files": []
  "hunks": []
  "failed": 0
  "advisories": 0
  "pattern": {
    "advisory_writes": 0
    "window": 0
    "fires": false
  }
  "error": "<PLAN>: search_replace: no hunks"
}
<PLAN>: search_replace: no hunks
== search_replace_refused human
exit 2
counts applied=0 check_not_run=0 failed_check=0 partially_applied=0 refused_apply=0 refused_parse=1 landed 0
pricing strict_candidates=0 strict_would_refuse=0 strict_would_refuse_broke=0 strict_would_refuse_held=0 strict_would_refuse_unchecked=0
<PLAN>: search_replace: no hunks
== body_file_missing json
exit 2
counts applied=0 check_not_run=0 failed_check=0 partially_applied=0 refused_apply=0 refused_parse=1 landed 0
pricing strict_candidates=0 strict_would_refuse=0 strict_would_refuse_broke=0 strict_would_refuse_held=0 strict_would_refuse_unchecked=0
{
  "root": "<ROOT>"
  "dry_run": false
  "applied": false
  "files": []
  "hunks": []
  "failed": 0
  "advisories": 0
  "pattern": {
    "advisory_writes": 0
    "window": 0
    "fires": false
  }
  "error": "<PLAN>: line 1: body=@nope.txt: stat <ROOT>/nope.txt: no such file or directory"
}
<PLAN>: line 1: body=@nope.txt: stat <ROOT>/nope.txt: no such file or directory
== body_file_missing human
exit 2
counts applied=0 check_not_run=0 failed_check=0 partially_applied=0 refused_apply=0 refused_parse=1 landed 0
pricing strict_candidates=0 strict_would_refuse=0 strict_would_refuse_broke=0 strict_would_refuse_held=0 strict_would_refuse_unchecked=0
<PLAN>: line 1: body=@nope.txt: stat <ROOT>/nope.txt: no such file or directory
== pointer_unresolved json
exit 2
counts applied=0 check_not_run=0 failed_check=0 partially_applied=0 refused_apply=1 refused_parse=0 landed 0
pricing strict_candidates=0 strict_would_refuse=0 strict_would_refuse_broke=0 strict_would_refuse_held=0 strict_would_refuse_unchecked=0
{
  "root": "<ROOT>"
  "dry_run": false
  "applied": false
  "files": []
  "hunks": []
  "failed": 0
  "advisories": 0
  "pattern": {
    "advisory_writes": 0
    "window": 0
    "fires": false
  }
  "error": "<PLAN> line 1: @1: the working set has 0 entr(ies)"
}
<PLAN> line 1: @1: the working set has 0 entr(ies)
== pointer_unresolved human
exit 2
counts applied=0 check_not_run=0 failed_check=0 partially_applied=0 refused_apply=1 refused_parse=0 landed 0
pricing strict_candidates=0 strict_would_refuse=0 strict_would_refuse_broke=0 strict_would_refuse_held=0 strict_would_refuse_unchecked=0
<PLAN> line 1: @1: the working set has 0 entr(ies)
== json_path_not_utf8 json
exit 2
counts applied=0 check_not_run=0 failed_check=0 partially_applied=0 refused_apply=1 refused_parse=0 landed 0
pricing strict_candidates=0 strict_would_refuse=0 strict_would_refuse_broke=0 strict_would_refuse_held=0 strict_would_refuse_unchecked=0
{
  "root": "<ROOT>"
  "dry_run": false
  "applied": false
  "files": []
  "hunks": []
  "failed": 0
  "advisories": 0
  "pattern": {
    "advisory_writes": 0
    "window": 0
    "fires": false
  }
  "error": "<PLAN> line 1: \"\\xff.go\" is not valid UTF-8, and a --json receipt cannot name it as written; drop --json to write it"
}
<PLAN> line 1: "\xff.go" is not valid UTF-8, and a --json receipt cannot name it as written; drop --json to write it
== harness_malformed json
exit 2
counts applied=0 check_not_run=0 failed_check=0 partially_applied=0 refused_apply=1 refused_parse=0 landed 0
pricing strict_candidates=0 strict_would_refuse=0 strict_would_refuse_broke=0 strict_would_refuse_held=0 strict_would_refuse_unchecked=0
{
  "root": "<ROOT>"
  "dry_run": false
  "applied": false
  "files": []
  "hunks": []
  "failed": 0
  "advisories": 0
  "pattern": {
    "advisory_writes": 0
    "window": 0
    "fires": false
  }
  "error": ".quality-harness.json: unexpected end of JSON input: nothing was written"
}
.quality-harness.json: unexpected end of JSON input: nothing was written
== harness_malformed human
exit 2
counts applied=0 check_not_run=0 failed_check=0 partially_applied=0 refused_apply=1 refused_parse=0 landed 0
pricing strict_candidates=0 strict_would_refuse=0 strict_would_refuse_broke=0 strict_would_refuse_held=0 strict_would_refuse_unchecked=0
.quality-harness.json: unexpected end of JSON input: nothing was written
== then_undeclared json
exit 2
counts applied=0 check_not_run=0 failed_check=0 partially_applied=0 refused_apply=1 refused_parse=0 landed 0
pricing strict_candidates=0 strict_would_refuse=0 strict_would_refuse_broke=0 strict_would_refuse_held=0 strict_would_refuse_unchecked=0
{
  "root": "<ROOT>"
  "dry_run": false
  "applied": false
  "files": []
  "hunks": []
  "failed": 0
  "advisories": 0
  "pattern": {
    "advisory_writes": 0
    "window": 0
    "fires": false
  }
  "error": "--then nosuch: .quality-harness.json \"steps\" has no such step (none are declared): nothing was written"
}
--then nosuch: .quality-harness.json "steps" has no such step (none are declared): nothing was written
== then_undeclared human
exit 2
counts applied=0 check_not_run=0 failed_check=0 partially_applied=0 refused_apply=1 refused_parse=0 landed 0
pricing strict_candidates=0 strict_would_refuse=0 strict_would_refuse_broke=0 strict_would_refuse_held=0 strict_would_refuse_unchecked=0
--then nosuch: .quality-harness.json "steps" has no such step (none are declared): nothing was written
== depth_refused json
exit 2
counts applied=0 check_not_run=0 failed_check=0 partially_applied=0 refused_apply=1 refused_parse=0 landed 0
pricing strict_candidates=0 strict_would_refuse=0 strict_would_refuse_broke=0 strict_would_refuse_held=0 strict_would_refuse_unchecked=0
{
  "root": "<ROOT>"
  "dry_run": false
  "applied": false
  "files": []
  "hunks": []
  "failed": 0
  "advisories": 0
  "pattern": {
    "advisory_writes": 0
    "window": 0
    "fires": false
  }
  "error": "a check is refused 8 deep (MRW_STEP_DEPTH=8): a check or step that runs mrw again would recurse without end; --no-check writes without it: nothing was written"
}
a check is refused 8 deep (MRW_STEP_DEPTH=8): a check or step that runs mrw again would recurse without end; --no-check writes without it: nothing was written
== depth_refused human
exit 2
counts applied=0 check_not_run=0 failed_check=0 partially_applied=0 refused_apply=1 refused_parse=0 landed 0
pricing strict_candidates=0 strict_would_refuse=0 strict_would_refuse_broke=0 strict_would_refuse_held=0 strict_would_refuse_unchecked=0
a check is refused 8 deep (MRW_STEP_DEPTH=8): a check or step that runs mrw again would recurse without end; --no-check writes without it: nothing was written
== ledger_unloadable json
exit 2
counts applied=0 check_not_run=0 failed_check=0 partially_applied=0 refused_apply=1 refused_parse=0 landed 0
pricing strict_candidates=0 strict_would_refuse=0 strict_would_refuse_broke=0 strict_would_refuse_held=0 strict_would_refuse_unchecked=0
{
  "root": "<ROOT>"
  "dry_run": false
  "applied": false
  "files": []
  "hunks": []
  "failed": 0
  "advisories": 0
  "pattern": {
    "advisory_writes": 0
    "window": 0
    "fires": false
  }
  "error": "the read ledger could not be read, so this call wrote and changed nothing: open <STATE>/mrw/<KEY>/seen: permission denied"
}
the read ledger could not be read, so this call wrote and changed nothing: open <STATE>/mrw/<KEY>/seen: permission denied
== ledger_unloadable human
exit 2
counts applied=0 check_not_run=0 failed_check=0 partially_applied=0 refused_apply=1 refused_parse=0 landed 0
pricing strict_candidates=0 strict_would_refuse=0 strict_would_refuse_broke=0 strict_would_refuse_held=0 strict_would_refuse_unchecked=0
the read ledger could not be read, so this call wrote and changed nothing: open <STATE>/mrw/<KEY>/seen: permission denied
== hunk_failed_unread json
exit 1
counts applied=0 check_not_run=0 failed_check=0 partially_applied=0 refused_apply=1 refused_parse=0 landed 0
pricing strict_candidates=0 strict_would_refuse=0 strict_would_refuse_broke=0 strict_would_refuse_held=0 strict_would_refuse_unchecked=0
{
  "root": "<ROOT>"
  "dry_run": false
  "applied": false
  "files": [
    {
      "path": "a.go"
      "written": false
      "sha_before": "dfd5090af6d062648be2bf0eac2d20644241ae2e07418ba30e453ab7a46f393d"
      "lines_before": 2
      "lines_after": 0
    }
  ]
  "hunks": [
    {
      "path": "a.go"
      "addr": "2"
      "op": "replace"
      "status": "failed"
      "reason": "a.go has not been read: mrw does not know what it currently holds, and a line address means nothing without that. Run `mrw read a.go` first, or pass --force"
      "removed": 0
      "added": 0
      "plan_line": 1
    }
  ]
  "failed": 1
  "advisories": 0
  "pattern": {
    "advisory_writes": 0
    "window": 0
    "fires": false
  }
}
1 hunk(s) failed — nothing was written
== hunk_failed_unread human
exit 1
counts applied=0 check_not_run=0 failed_check=0 partially_applied=0 refused_apply=1 refused_parse=0 landed 0
pricing strict_candidates=0 strict_would_refuse=0 strict_would_refuse_broke=0 strict_would_refuse_held=0 strict_would_refuse_unchecked=0
FAIL a.go 2 replace (plan line 1): a.go has not been read: mrw does not know what it currently holds, and a line address means nothing without that. Run `mrw read a.go` first, or pass --force
1 hunk(s), 1 file(s), 1 failed, 0 advisories — NOTHING WRITTEN
1 hunk(s) failed — nothing was written
== dry_run_refused json
exit 1
counts applied=0 check_not_run=0 failed_check=0 partially_applied=0 refused_apply=1 refused_parse=0 landed 0
pricing strict_candidates=0 strict_would_refuse=0 strict_would_refuse_broke=0 strict_would_refuse_held=0 strict_would_refuse_unchecked=0
{
  "root": "<ROOT>"
  "dry_run": true
  "applied": false
  "files": [
    {
      "path": "a.go"
      "written": false
      "sha_before": "dfd5090af6d062648be2bf0eac2d20644241ae2e07418ba30e453ab7a46f393d"
      "lines_before": 2
      "lines_after": 0
    }
  ]
  "hunks": [
    {
      "path": "a.go"
      "addr": "2"
      "op": "replace"
      "status": "failed"
      "reason": "a.go has not been read: mrw does not know what it currently holds, and a line address means nothing without that. Run `mrw read a.go` first, or pass --force"
      "removed": 0
      "added": 0
      "plan_line": 1
    }
  ]
  "failed": 1
  "advisories": 0
  "pattern": {
    "advisory_writes": 0
    "window": 0
    "fires": false
  }
}
1 hunk(s) failed — nothing was written
== dry_run_refused human
exit 1
counts applied=0 check_not_run=0 failed_check=0 partially_applied=0 refused_apply=1 refused_parse=0 landed 0
pricing strict_candidates=0 strict_would_refuse=0 strict_would_refuse_broke=0 strict_would_refuse_held=0 strict_would_refuse_unchecked=0
parsed: a.go 2 replace body=1
FAIL a.go 2 replace (plan line 1): a.go has not been read: mrw does not know what it currently holds, and a line address means nothing without that. Run `mrw read a.go` first, or pass --force
1 hunk(s), 1 file(s), 1 failed, 0 advisories — NOTHING WRITTEN
1 hunk(s) failed — nothing was written
== names_a_directory json
exit 2
counts applied=0 check_not_run=0 failed_check=0 partially_applied=0 refused_apply=1 refused_parse=0 landed 0
pricing strict_candidates=0 strict_would_refuse=0 strict_would_refuse_broke=0 strict_would_refuse_held=0 strict_would_refuse_unchecked=0
{
  "root": "<ROOT>"
  "dry_run": false
  "applied": false
  "files": []
  "hunks": []
  "failed": 0
  "advisories": 0
  "pattern": {
    "advisory_writes": 0
    "window": 0
    "fires": false
  }
  "error": "d: read <ROOT>/d: is a directory"
}
d: read <ROOT>/d: is a directory
== names_a_directory human
exit 2
counts applied=0 check_not_run=0 failed_check=0 partially_applied=0 refused_apply=1 refused_parse=0 landed 0
pricing strict_candidates=0 strict_would_refuse=0 strict_would_refuse_broke=0 strict_would_refuse_held=0 strict_would_refuse_unchecked=0
d: read <ROOT>/d: is a directory
== partial_commit json
exit 2
counts applied=0 check_not_run=0 failed_check=0 partially_applied=1 refused_apply=0 refused_parse=0 landed 1
pricing strict_candidates=1 strict_would_refuse=0 strict_would_refuse_broke=0 strict_would_refuse_held=0 strict_would_refuse_unchecked=0
{
  "root": "<ROOT>"
  "dry_run": false
  "applied": false
  "files": [
    {
      "path": "a.go"
      "written": true
      "sha_before": "7b39baa38a2ec2b8d111bbbd8e448e80226477ab40105d9d2123d4dc18067438"
      "sha_after": "983aab874348ab0e62d9fa51e0719b12f570234284c1f21c740bb6d3ca7cf11d"
      "lines_before": 1
      "lines_after": 1
    }
    {
      "path": "d/x.txt"
      "written": false
      "sha_before": "73cb3858a687a8494ca3323053016282f3dad39d42cf62ca4e79dda2aac7d9ac"
      "lines_before": 1
      "lines_after": 0
    }
  ]
  "hunks": [
    {
      "path": "a.go"
      "addr": "1"
      "op": "replace"
      "status": "ok"
      "removed": 1
      "added": 1
      "plan_line": 1
    }
    {
      "path": "d/x.txt"
      "addr": "-"
      "op": "unlink"
      "status": "failed"
      "reason": "d/x.txt: openat d/.mrw-aside-<X>: permission denied (ALREADY WRITTEN: a.go)"
      "removed": 0
      "added": 0
      "plan_line": 3
    }
  ]
  "failed": 1
  "advisories": 0
  "pattern": {
    "advisory_writes": 0
    "window": 1
    "fires": false
  }
  "error": "d/x.txt: openat d/.mrw-aside-<X>: permission denied (ALREADY WRITTEN: a.go)"
}
d/x.txt: openat d/.mrw-aside-<X>: permission denied (ALREADY WRITTEN: a.go)
== partial_commit human
exit 2
counts applied=0 check_not_run=0 failed_check=0 partially_applied=1 refused_apply=0 refused_parse=0 landed 1
pricing strict_candidates=1 strict_would_refuse=0 strict_would_refuse_broke=0 strict_would_refuse_held=0 strict_would_refuse_unchecked=0
ok   a.go 1 replace  -1 +1
FAIL d/x.txt - unlink (plan line 3): d/x.txt: openat d/.mrw-aside-<X>: permission denied (ALREADY WRITTEN: a.go)
wrote a.go  1L -> 1L  sha 983aab87
2 hunk(s), 2 file(s), 1 failed, 0 advisories — PARTIALLY APPLIED
d/x.txt: see its FAIL line
== ledger_failed_no_check json
exit 2
counts applied=1 check_not_run=0 failed_check=0 partially_applied=0 refused_apply=0 refused_parse=0 landed 1
pricing strict_candidates=1 strict_would_refuse=0 strict_would_refuse_broke=0 strict_would_refuse_held=0 strict_would_refuse_unchecked=0
{
  "root": "<ROOT>"
  "dry_run": false
  "applied": true
  "files": [
    {
      "path": "a.go"
      "written": true
      "sha_before": "dfd5090af6d062648be2bf0eac2d20644241ae2e07418ba30e453ab7a46f393d"
      "sha_after": "86ab99a1d74ecb52932a081e843518a092ae596671539bb9a6eb46a493771e9c"
      "lines_before": 2
      "lines_after": 2
    }
  ]
  "hunks": [
    {
      "path": "a.go"
      "addr": "2"
      "op": "replace"
      "status": "ok"
      "removed": 1
      "added": 1
      "plan_line": 1
    }
  ]
  "failed": 0
  "advisories": 0
  "pattern": {
    "advisory_writes": 0
    "window": 1
    "fires": false
  }
  "error": "the read ledger could not be updated; lines already served and changes already applied stand, but are not recorded there, so read the files again before editing them: write <STATE>/mrw/<KEY>/seen: the file is read-only: permission denied"
}
the read ledger could not be updated; lines already served and changes already applied stand, but are not recorded there, so read the files again before editing them: write <STATE>/mrw/<KEY>/seen: the file is read-only: permission denied
== ledger_failed_no_check human
exit 2
counts applied=1 check_not_run=0 failed_check=0 partially_applied=0 refused_apply=0 refused_parse=0 landed 1
pricing strict_candidates=1 strict_would_refuse=0 strict_would_refuse_broke=0 strict_would_refuse_held=0 strict_would_refuse_unchecked=0
ok   a.go 2 replace  -1 +1
wrote a.go  2L -> 2L  sha 86ab99a1
1 hunk(s), 1 file(s), 0 failed, 0 advisories — applied
the read ledger could not be updated; lines already served and changes already applied stand, but are not recorded there, so read the files again before editing them: write <STATE>/mrw/<KEY>/seen: the file is read-only: permission denied
== ledger_failed_check_due json
exit 2
counts applied=0 check_not_run=1 failed_check=0 partially_applied=0 refused_apply=0 refused_parse=0 landed 1
pricing strict_candidates=1 strict_would_refuse=0 strict_would_refuse_broke=0 strict_would_refuse_held=0 strict_would_refuse_unchecked=0
{
  "root": "<ROOT>"
  "dry_run": false
  "applied": true
  "files": [
    {
      "path": "a.go"
      "written": true
      "sha_before": "dfd5090af6d062648be2bf0eac2d20644241ae2e07418ba30e453ab7a46f393d"
      "sha_after": "86ab99a1d74ecb52932a081e843518a092ae596671539bb9a6eb46a493771e9c"
      "lines_before": 2
      "lines_after": 2
    }
  ]
  "hunks": [
    {
      "path": "a.go"
      "addr": "2"
      "op": "replace"
      "status": "ok"
      "removed": 1
      "added": 1
      "plan_line": 1
    }
  ]
  "failed": 0
  "advisories": 0
  "pattern": {
    "advisory_writes": 0
    "window": 1
    "fires": false
  }
  "error": "the read ledger could not be updated; lines already served and changes already applied stand, but are not recorded there, so read the files again before editing them: write <STATE>/mrw/<KEY>/seen: the file is read-only: permission denied"
}
the read ledger could not be updated; lines already served and changes already applied stand, but are not recorded there, so read the files again before editing them: write <STATE>/mrw/<KEY>/seen: the file is read-only: permission denied
== ledger_failed_check_due human
exit 2
counts applied=0 check_not_run=1 failed_check=0 partially_applied=0 refused_apply=0 refused_parse=0 landed 1
pricing strict_candidates=1 strict_would_refuse=0 strict_would_refuse_broke=0 strict_would_refuse_held=0 strict_would_refuse_unchecked=0
ok   a.go 2 replace  -1 +1
wrote a.go  2L -> 2L  sha 86ab99a1
1 hunk(s), 1 file(s), 0 failed, 0 advisories — applied
the read ledger could not be updated; lines already served and changes already applied stand, but are not recorded there, so read the files again before editing them: write <STATE>/mrw/<KEY>/seen: the file is read-only: permission denied
== ledger_failed_with_step json
exit 2
counts applied=0 check_not_run=1 failed_check=0 partially_applied=0 refused_apply=0 refused_parse=0 landed 1
pricing strict_candidates=1 strict_would_refuse=0 strict_would_refuse_broke=0 strict_would_refuse_held=0 strict_would_refuse_unchecked=0
{
  "root": "<ROOT>"
  "dry_run": false
  "applied": true
  "files": [
    {
      "path": "a.go"
      "written": true
      "sha_before": "dfd5090af6d062648be2bf0eac2d20644241ae2e07418ba30e453ab7a46f393d"
      "sha_after": "86ab99a1d74ecb52932a081e843518a092ae596671539bb9a6eb46a493771e9c"
      "lines_before": 2
      "lines_after": 2
    }
  ]
  "hunks": [
    {
      "path": "a.go"
      "addr": "2"
      "op": "replace"
      "status": "ok"
      "removed": 1
      "added": 1
      "plan_line": 1
    }
  ]
  "failed": 0
  "advisories": 0
  "pattern": {
    "advisory_writes": 0
    "window": 1
    "fires": false
  }
  "error": "the read ledger could not be updated; lines already served and changes already applied stand, but are not recorded there, so read the files again before editing them: write <STATE>/mrw/<KEY>/seen: the file is read-only: permission denied"
  "then": {
    "steps": [
      {
        "command": "exit 0"
        "adhoc": true
        "status": "not_run"
        "ran": false
        "exit_code": -1
      }
    ]
    "pruned_logs": 0
  }
}
the read ledger could not be updated; lines already served and changes already applied stand, but are not recorded there, so read the files again before editing them: write <STATE>/mrw/<KEY>/seen: the file is read-only: permission denied
== ledger_failed_with_step human
exit 2
counts applied=0 check_not_run=1 failed_check=0 partially_applied=0 refused_apply=0 refused_parse=0 landed 1
pricing strict_candidates=1 strict_would_refuse=0 strict_would_refuse_broke=0 strict_would_refuse_held=0 strict_would_refuse_unchecked=0
ok   a.go 2 replace  -1 +1
wrote a.go  2L -> 2L  sha 86ab99a1
1 hunk(s), 1 file(s), 0 failed, 0 advisories — applied
then 1/1 --then-sh: exit 0 — NOT RUN
the read ledger could not be updated; lines already served and changes already applied stand, but are not recorded there, so read the files again before editing them: write <STATE>/mrw/<KEY>/seen: the file is read-only: permission denied
== dry_run json
exit 0
counts applied=0 check_not_run=0 failed_check=0 partially_applied=0 refused_apply=0 refused_parse=0 landed 0
pricing strict_candidates=0 strict_would_refuse=0 strict_would_refuse_broke=0 strict_would_refuse_held=0 strict_would_refuse_unchecked=0
{
  "root": "<ROOT>"
  "dry_run": true
  "applied": false
  "files": [
    {
      "path": "a.go"
      "written": false
      "sha_before": "dfd5090af6d062648be2bf0eac2d20644241ae2e07418ba30e453ab7a46f393d"
      "sha_after": "86ab99a1d74ecb52932a081e843518a092ae596671539bb9a6eb46a493771e9c"
      "lines_before": 2
      "lines_after": 2
    }
  ]
  "hunks": [
    {
      "path": "a.go"
      "addr": "2"
      "op": "replace"
      "status": "ok"
      "removed": 1
      "added": 1
      "plan_line": 1
    }
  ]
  "failed": 0
  "advisories": 0
  "pattern": {
    "advisory_writes": 0
    "window": 0
    "fires": false
  }
}

== dry_run human
exit 0
counts applied=0 check_not_run=0 failed_check=0 partially_applied=0 refused_apply=0 refused_parse=0 landed 0
pricing strict_candidates=0 strict_would_refuse=0 strict_would_refuse_broke=0 strict_would_refuse_held=0 strict_would_refuse_unchecked=0
parsed: a.go 2 replace body=1
ok   a.go 2 replace  -1 +1
1 hunk(s), 1 file(s), 0 failed, 0 advisories — dry run, nothing written

== applied_prose_no_check_due json
exit 0
counts applied=1 check_not_run=0 failed_check=0 partially_applied=0 refused_apply=0 refused_parse=0 landed 1
pricing strict_candidates=0 strict_would_refuse=0 strict_would_refuse_broke=0 strict_would_refuse_held=0 strict_would_refuse_unchecked=0
{
  "root": "<ROOT>"
  "dry_run": false
  "applied": true
  "files": [
    {
      "path": "notes.md"
      "written": true
      "sha_before": "9b59fb3d9aa14f629f10689663d0a7debb079a43fe874259909a4c5d55226616"
      "sha_after": "4ab07b28bfb46be8669494205131e88a80f57b8286c3da01200a00f94f4f0b9d"
      "lines_before": 2
      "lines_after": 2
    }
  ]
  "hunks": [
    {
      "path": "notes.md"
      "addr": "2"
      "op": "replace"
      "status": "ok"
      "removed": 1
      "added": 1
      "plan_line": 1
    }
  ]
  "failed": 0
  "advisories": 0
  "pattern": {
    "advisory_writes": 0
    "window": 1
    "fires": false
  }
}

== applied_prose_no_check_due human
exit 0
counts applied=1 check_not_run=0 failed_check=0 partially_applied=0 refused_apply=0 refused_parse=0 landed 1
pricing strict_candidates=0 strict_would_refuse=0 strict_would_refuse_broke=0 strict_would_refuse_held=0 strict_would_refuse_unchecked=0
ok   notes.md 2 replace  -1 +1
wrote notes.md  2L -> 2L  sha 4ab07b28
1 hunk(s), 1 file(s), 0 failed, 0 advisories — applied

== applied_no_check json
exit 0
counts applied=1 check_not_run=0 failed_check=0 partially_applied=0 refused_apply=0 refused_parse=0 landed 1
pricing strict_candidates=1 strict_would_refuse=0 strict_would_refuse_broke=0 strict_would_refuse_held=0 strict_would_refuse_unchecked=0
{
  "root": "<ROOT>"
  "dry_run": false
  "applied": true
  "files": [
    {
      "path": "a.go"
      "written": true
      "sha_before": "dfd5090af6d062648be2bf0eac2d20644241ae2e07418ba30e453ab7a46f393d"
      "sha_after": "86ab99a1d74ecb52932a081e843518a092ae596671539bb9a6eb46a493771e9c"
      "lines_before": 2
      "lines_after": 2
    }
  ]
  "hunks": [
    {
      "path": "a.go"
      "addr": "2"
      "op": "replace"
      "status": "ok"
      "removed": 1
      "added": 1
      "plan_line": 1
    }
  ]
  "failed": 0
  "advisories": 0
  "pattern": {
    "advisory_writes": 0
    "window": 1
    "fires": false
  }
}

== applied_no_check human
exit 0
counts applied=1 check_not_run=0 failed_check=0 partially_applied=0 refused_apply=0 refused_parse=0 landed 1
pricing strict_candidates=1 strict_would_refuse=0 strict_would_refuse_broke=0 strict_would_refuse_held=0 strict_would_refuse_unchecked=0
ok   a.go 2 replace  -1 +1
wrote a.go  2L -> 2L  sha 86ab99a1
1 hunk(s), 1 file(s), 0 failed, 0 advisories — applied

== applied_no_harness json
exit 0
counts applied=1 check_not_run=0 failed_check=0 partially_applied=0 refused_apply=0 refused_parse=0 landed 1
pricing strict_candidates=1 strict_would_refuse=0 strict_would_refuse_broke=0 strict_would_refuse_held=0 strict_would_refuse_unchecked=0
{
  "root": "<ROOT>"
  "dry_run": false
  "applied": true
  "files": [
    {
      "path": "a.go"
      "written": true
      "sha_before": "dfd5090af6d062648be2bf0eac2d20644241ae2e07418ba30e453ab7a46f393d"
      "sha_after": "86ab99a1d74ecb52932a081e843518a092ae596671539bb9a6eb46a493771e9c"
      "lines_before": 2
      "lines_after": 2
    }
  ]
  "hunks": [
    {
      "path": "a.go"
      "addr": "2"
      "op": "replace"
      "status": "ok"
      "removed": 1
      "added": 1
      "plan_line": 1
    }
  ]
  "failed": 0
  "advisories": 0
  "pattern": {
    "advisory_writes": 0
    "window": 1
    "fires": false
  }
}

== applied_no_harness human
exit 0
counts applied=1 check_not_run=0 failed_check=0 partially_applied=0 refused_apply=0 refused_parse=0 landed 1
pricing strict_candidates=1 strict_would_refuse=0 strict_would_refuse_broke=0 strict_would_refuse_held=0 strict_would_refuse_unchecked=0
ok   a.go 2 replace  -1 +1
wrote a.go  2L -> 2L  sha 86ab99a1
1 hunk(s), 1 file(s), 0 failed, 0 advisories — applied

== check_passed json
exit 0
counts applied=1 check_not_run=0 failed_check=0 partially_applied=0 refused_apply=0 refused_parse=0 landed 1
pricing strict_candidates=1 strict_would_refuse=0 strict_would_refuse_broke=0 strict_would_refuse_held=0 strict_would_refuse_unchecked=0
{
  "root": "<ROOT>"
  "dry_run": false
  "applied": true
  "files": [
    {
      "path": "a.go"
      "written": true
      "sha_before": "dfd5090af6d062648be2bf0eac2d20644241ae2e07418ba30e453ab7a46f393d"
      "sha_after": "86ab99a1d74ecb52932a081e843518a092ae596671539bb9a6eb46a493771e9c"
      "lines_before": 2
      "lines_after": 2
    }
  ]
  "hunks": [
    {
      "path": "a.go"
      "addr": "2"
      "op": "replace"
      "status": "ok"
      "removed": 1
      "added": 1
      "plan_line": 1
    }
  ]
  "failed": 0
  "advisories": 0
  "check": {
    "ran": true
    "declared": true
    "command": "exit 0"
    "exit_code": 0
  }
  "pattern": {
    "advisory_writes": 0
    "window": 1
    "fires": false
  }
}

== check_passed human
exit 0
counts applied=1 check_not_run=0 failed_check=0 partially_applied=0 refused_apply=0 refused_parse=0 landed 1
pricing strict_candidates=1 strict_would_refuse=0 strict_would_refuse_broke=0 strict_would_refuse_held=0 strict_would_refuse_unchecked=0
ok   a.go 2 replace  -1 +1
wrote a.go  2L -> 2L  sha 86ab99a1
1 hunk(s), 1 file(s), 0 failed, 0 advisories — applied
check (declared): exit 0
check PASS (exit 0, <DUR>)

== check_failed json
exit 3
counts applied=0 check_not_run=0 failed_check=1 partially_applied=0 refused_apply=0 refused_parse=0 landed 1
pricing strict_candidates=1 strict_would_refuse=0 strict_would_refuse_broke=0 strict_would_refuse_held=0 strict_would_refuse_unchecked=0
{
  "root": "<ROOT>"
  "dry_run": false
  "applied": true
  "files": [
    {
      "path": "a.go"
      "written": true
      "sha_before": "dfd5090af6d062648be2bf0eac2d20644241ae2e07418ba30e453ab7a46f393d"
      "sha_after": "86ab99a1d74ecb52932a081e843518a092ae596671539bb9a6eb46a493771e9c"
      "lines_before": 2
      "lines_after": 2
    }
  ]
  "hunks": [
    {
      "path": "a.go"
      "addr": "2"
      "op": "replace"
      "status": "ok"
      "removed": 1
      "added": 1
      "plan_line": 1
    }
  ]
  "failed": 0
  "advisories": 0
  "check": {
    "ran": true
    "declared": true
    "command": "echo boom; exit 3"
    "exit_code": 3
    "output_file": "<TMP>/<LOG>"
    "tail": [
      "boom"
    ]
  }
  "pattern": {
    "advisory_writes": 0
    "window": 1
    "fires": false
  }
}
the write applied but the check did not pass — the tree is changed and unverified
== check_failed human
exit 3
counts applied=0 check_not_run=0 failed_check=1 partially_applied=0 refused_apply=0 refused_parse=0 landed 1
pricing strict_candidates=1 strict_would_refuse=0 strict_would_refuse_broke=0 strict_would_refuse_held=0 strict_would_refuse_unchecked=0
ok   a.go 2 replace  -1 +1
wrote a.go  2L -> 2L  sha 86ab99a1
1 hunk(s), 1 file(s), 0 failed, 0 advisories — applied
check (declared): echo boom; exit 3
  | boom
check last: boom
check FAIL (exit 3, <DUR>) — full output: <TMP>/<LOG>
the write applied but the check did not pass — the tree is changed and unverified
== check_demanded_on_prose json
exit 0
counts applied=1 check_not_run=0 failed_check=0 partially_applied=0 refused_apply=0 refused_parse=0 landed 1
pricing strict_candidates=0 strict_would_refuse=0 strict_would_refuse_broke=0 strict_would_refuse_held=0 strict_would_refuse_unchecked=0
{
  "root": "<ROOT>"
  "dry_run": false
  "applied": true
  "files": [
    {
      "path": "notes.md"
      "written": true
      "sha_before": "9b59fb3d9aa14f629f10689663d0a7debb079a43fe874259909a4c5d55226616"
      "sha_after": "4ab07b28bfb46be8669494205131e88a80f57b8286c3da01200a00f94f4f0b9d"
      "lines_before": 2
      "lines_after": 2
    }
  ]
  "hunks": [
    {
      "path": "notes.md"
      "addr": "2"
      "op": "replace"
      "status": "ok"
      "removed": 1
      "added": 1
      "plan_line": 1
    }
  ]
  "failed": 0
  "advisories": 0
  "check": {
    "ran": true
    "declared": true
    "command": "exit 0"
    "exit_code": 0
  }
  "pattern": {
    "advisory_writes": 0
    "window": 1
    "fires": false
  }
}

== check_demanded_on_prose human
exit 0
counts applied=1 check_not_run=0 failed_check=0 partially_applied=0 refused_apply=0 refused_parse=0 landed 1
pricing strict_candidates=0 strict_would_refuse=0 strict_would_refuse_broke=0 strict_would_refuse_held=0 strict_would_refuse_unchecked=0
ok   notes.md 2 replace  -1 +1
wrote notes.md  2L -> 2L  sha 4ab07b28
1 hunk(s), 1 file(s), 0 failed, 0 advisories — applied
check (declared): exit 0
check PASS (exit 0, <DUR>)

== check_demanded_none_declared json
exit 2
counts applied=0 check_not_run=1 failed_check=0 partially_applied=0 refused_apply=0 refused_parse=0 landed 1
pricing strict_candidates=0 strict_would_refuse=0 strict_would_refuse_broke=0 strict_would_refuse_held=0 strict_would_refuse_unchecked=0
{
  "root": "<ROOT>"
  "dry_run": false
  "applied": true
  "files": [
    {
      "path": "notes.md"
      "written": true
      "sha_before": "9b59fb3d9aa14f629f10689663d0a7debb079a43fe874259909a4c5d55226616"
      "sha_after": "4ab07b28bfb46be8669494205131e88a80f57b8286c3da01200a00f94f4f0b9d"
      "lines_before": 2
      "lines_after": 2
    }
  ]
  "hunks": [
    {
      "path": "notes.md"
      "addr": "2"
      "op": "replace"
      "status": "ok"
      "removed": 1
      "added": 1
      "plan_line": 1
    }
  ]
  "failed": 0
  "advisories": 0
  "check": {
    "ran": false
    "declared": false
    "skipped": "no check declared and no go.mod found"
    "exit_code": -1
  }
  "pattern": {
    "advisory_writes": 0
    "window": 1
    "fires": false
  }
}
the write applied but no check could run: no check declared and no go.mod found — declare one in .quality-harness.json
== check_demanded_none_declared human
exit 2
counts applied=0 check_not_run=1 failed_check=0 partially_applied=0 refused_apply=0 refused_parse=0 landed 1
pricing strict_candidates=0 strict_would_refuse=0 strict_would_refuse_broke=0 strict_would_refuse_held=0 strict_would_refuse_unchecked=0
ok   notes.md 2 replace  -1 +1
wrote notes.md  2L -> 2L  sha 4ab07b28
1 hunk(s), 1 file(s), 0 failed, 0 advisories — applied
check SKIPPED: no check declared and no go.mod found
the write applied but no check could run: no check declared and no go.mod found — declare one in .quality-harness.json
== check_could_not_run json
exit 2
counts applied=0 check_not_run=1 failed_check=0 partially_applied=0 refused_apply=0 refused_parse=0 landed 1
pricing strict_candidates=0 strict_would_refuse=0 strict_would_refuse_broke=0 strict_would_refuse_held=0 strict_would_refuse_unchecked=0
{
  "root": "<ROOT>"
  "dry_run": false
  "applied": true
  "files": [
    {
      "path": "a.go"
      "written": true
      "sha_before": "dfd5090af6d062648be2bf0eac2d20644241ae2e07418ba30e453ab7a46f393d"
      "sha_after": "86ab99a1d74ecb52932a081e843518a092ae596671539bb9a6eb46a493771e9c"
      "lines_before": 2
      "lines_after": 2
    }
  ]
  "hunks": [
    {
      "path": "a.go"
      "addr": "2"
      "op": "replace"
      "status": "ok"
      "removed": 1
      "added": 1
      "plan_line": 1
    }
  ]
  "failed": 0
  "advisories": 0
  "pattern": {
    "advisory_writes": 0
    "window": 1
    "fires": false
  }
  "error": "open <TMP>/missing/<LOG>: no such file or directory"
}
open <TMP>/missing/<LOG>: no such file or directory
== check_could_not_run human
exit 2
counts applied=0 check_not_run=1 failed_check=0 partially_applied=0 refused_apply=0 refused_parse=0 landed 1
pricing strict_candidates=0 strict_would_refuse=0 strict_would_refuse_broke=0 strict_would_refuse_held=0 strict_would_refuse_unchecked=0
ok   a.go 2 replace  -1 +1
wrote a.go  2L -> 2L  sha 86ab99a1
1 hunk(s), 1 file(s), 0 failed, 0 advisories — applied
open <TMP>/missing/<LOG>: no such file or directory
== check_could_not_start json
exit 2
counts applied=0 check_not_run=1 failed_check=0 partially_applied=0 refused_apply=0 refused_parse=0 landed 1
pricing strict_candidates=1 strict_would_refuse=0 strict_would_refuse_broke=0 strict_would_refuse_held=0 strict_would_refuse_unchecked=0
{
  "root": "<ROOT>"
  "dry_run": false
  "applied": true
  "files": [
    {
      "path": "a.go"
      "written": true
      "sha_before": "dfd5090af6d062648be2bf0eac2d20644241ae2e07418ba30e453ab7a46f393d"
      "sha_after": "86ab99a1d74ecb52932a081e843518a092ae596671539bb9a6eb46a493771e9c"
      "lines_before": 2
      "lines_after": 2
    }
  ]
  "hunks": [
    {
      "path": "a.go"
      "addr": "2"
      "op": "replace"
      "status": "ok"
      "removed": 1
      "added": 1
      "plan_line": 1
    }
  ]
  "failed": 0
  "advisories": 0
  "check": {
    "ran": false
    "declared": true
    "skipped": "could not start: exec: \"sh\": executable file not found in $PATH — no sh on PATH"
    "command": "exit 0"
    "exit_code": -1
  }
  "pattern": {
    "advisory_writes": 0
    "window": 1
    "fires": false
  }
}
the write applied but no check could run: could not start: exec: "sh": executable file not found in $PATH — no sh on PATH
== check_could_not_start human
exit 2
counts applied=0 check_not_run=1 failed_check=0 partially_applied=0 refused_apply=0 refused_parse=0 landed 1
pricing strict_candidates=1 strict_would_refuse=0 strict_would_refuse_broke=0 strict_would_refuse_held=0 strict_would_refuse_unchecked=0
ok   a.go 2 replace  -1 +1
wrote a.go  2L -> 2L  sha 86ab99a1
1 hunk(s), 1 file(s), 0 failed, 0 advisories — applied
check SKIPPED: could not start: exec: "sh": executable file not found in $PATH — no sh on PATH
the write applied but no check could run: could not start: exec: "sh": executable file not found in $PATH — no sh on PATH
== check_timed_out json
exit 3
counts applied=0 check_not_run=0 failed_check=1 partially_applied=0 refused_apply=0 refused_parse=0 landed 1
pricing strict_candidates=1 strict_would_refuse=0 strict_would_refuse_broke=0 strict_would_refuse_held=0 strict_would_refuse_unchecked=0
{
  "root": "<ROOT>"
  "dry_run": false
  "applied": true
  "files": [
    {
      "path": "a.go"
      "written": true
      "sha_before": "dfd5090af6d062648be2bf0eac2d20644241ae2e07418ba30e453ab7a46f393d"
      "sha_after": "86ab99a1d74ecb52932a081e843518a092ae596671539bb9a6eb46a493771e9c"
      "lines_before": 2
      "lines_after": 2
    }
  ]
  "hunks": [
    {
      "path": "a.go"
      "addr": "2"
      "op": "replace"
      "status": "ok"
      "removed": 1
      "added": 1
      "plan_line": 1
    }
  ]
  "failed": 0
  "advisories": 0
  "check": {
    "ran": true
    "declared": true
    "skipped": "timed out after 1s"
    "command": "sleep 5"
    "exit_code": -1
    "output_file": "<TMP>/<LOG>"
  }
  "pattern": {
    "advisory_writes": 0
    "window": 1
    "fires": false
  }
}
the write applied but the check did not pass — the tree is changed and unverified
== check_timed_out human
exit 3
counts applied=0 check_not_run=0 failed_check=1 partially_applied=0 refused_apply=0 refused_parse=0 landed 1
pricing strict_candidates=1 strict_would_refuse=0 strict_would_refuse_broke=0 strict_would_refuse_held=0 strict_would_refuse_unchecked=0
ok   a.go 2 replace  -1 +1
wrote a.go  2L -> 2L  sha 86ab99a1
1 hunk(s), 1 file(s), 0 failed, 0 advisories — applied
check (declared): sleep 5
check TIMED OUT (exit -1, <DUR>) — timed out after 1s — full output: <TMP>/<LOG>
the write applied but the check did not pass — the tree is changed and unverified
== check_inferred_from_gomod json
exit 0
counts applied=1 check_not_run=0 failed_check=0 partially_applied=0 refused_apply=0 refused_parse=0 landed 1
pricing strict_candidates=1 strict_would_refuse=0 strict_would_refuse_broke=0 strict_would_refuse_held=0 strict_would_refuse_unchecked=0
{
  "root": "<ROOT>"
  "dry_run": false
  "applied": true
  "files": [
    {
      "path": "a.go"
      "written": true
      "sha_before": "dfd5090af6d062648be2bf0eac2d20644241ae2e07418ba30e453ab7a46f393d"
      "sha_after": "86ab99a1d74ecb52932a081e843518a092ae596671539bb9a6eb46a493771e9c"
      "lines_before": 2
      "lines_after": 2
    }
  ]
  "hunks": [
    {
      "path": "a.go"
      "addr": "2"
      "op": "replace"
      "status": "ok"
      "removed": 1
      "added": 1
      "plan_line": 1
    }
  ]
  "failed": 0
  "advisories": 0
  "check": {
    "ran": true
    "declared": false
    "command": "go test ."
    "exit_code": 0
    "tail": [
      "?   \ta\t[no test files]"
    ]
  }
  "pattern": {
    "advisory_writes": 0
    "window": 1
    "fires": false
  }
}

== check_inferred_from_gomod human
exit 0
counts applied=1 check_not_run=0 failed_check=0 partially_applied=0 refused_apply=0 refused_parse=0 landed 1
pricing strict_candidates=1 strict_would_refuse=0 strict_would_refuse_broke=0 strict_would_refuse_held=0 strict_would_refuse_unchecked=0
ok   a.go 2 replace  -1 +1
wrote a.go  2L -> 2L  sha 86ab99a1
1 hunk(s), 1 file(s), 0 failed, 0 advisories — applied
check (inferred): go test .
  | ?   	a	[no test files]
check PASS (exit 0, <DUR>)

== check_scoped_unlink json
exit 0
counts applied=1 check_not_run=0 failed_check=0 partially_applied=0 refused_apply=0 refused_parse=0 landed 1
pricing strict_candidates=0 strict_would_refuse=0 strict_would_refuse_broke=0 strict_would_refuse_held=0 strict_would_refuse_unchecked=0
{
  "root": "<ROOT>"
  "dry_run": false
  "applied": true
  "files": [
    {
      "path": "a.go"
      "written": true
      "sha_before": "dfd5090af6d062648be2bf0eac2d20644241ae2e07418ba30e453ab7a46f393d"
      "lines_before": 2
      "lines_after": 0
      "removed": true
    }
  ]
  "hunks": [
    {
      "path": "a.go"
      "addr": "-"
      "op": "unlink"
      "status": "ok"
      "removed": 0
      "added": 0
      "plan_line": 1
    }
  ]
  "failed": 0
  "advisories": 0
  "check": {
    "ran": true
    "declared": true
    "command": "echo scoped ."
    "exit_code": 0
    "tail": [
      "scoped ."
    ]
  }
  "pattern": {
    "advisory_writes": 0
    "window": 1
    "fires": false
  }
}

== check_scoped_unlink human
exit 0
counts applied=1 check_not_run=0 failed_check=0 partially_applied=0 refused_apply=0 refused_parse=0 landed 1
pricing strict_candidates=0 strict_would_refuse=0 strict_would_refuse_broke=0 strict_would_refuse_held=0 strict_would_refuse_unchecked=0
ok   a.go - unlink  -0 +0
removed a.go  2L -> 0L  was sha dfd5090a
1 hunk(s), 1 file(s), 0 failed, 0 advisories — applied
check (declared): echo scoped .
  | scoped .
check PASS (exit 0, <DUR>)

== check_scoped_rename json
exit 0
counts applied=1 check_not_run=0 failed_check=0 partially_applied=0 refused_apply=0 refused_parse=0 landed 1
pricing strict_candidates=0 strict_would_refuse=0 strict_would_refuse_broke=0 strict_would_refuse_held=0 strict_would_refuse_unchecked=0
{
  "root": "<ROOT>"
  "dry_run": false
  "applied": true
  "files": [
    {
      "path": "a.go"
      "written": true
      "sha_before": "dfd5090af6d062648be2bf0eac2d20644241ae2e07418ba30e453ab7a46f393d"
      "lines_before": 2
      "lines_after": 0
      "removed": true
      "renamed_to": "b.txt"
    }
    {
      "path": "b.txt"
      "created": true
      "written": true
      "sha_after": "dfd5090af6d062648be2bf0eac2d20644241ae2e07418ba30e453ab7a46f393d"
      "lines_before": 0
      "lines_after": 2
    }
  ]
  "hunks": [
    {
      "path": "a.go"
      "addr": "-"
      "op": "rename"
      "status": "ok"
      "removed": 0
      "added": 0
      "plan_line": 1
    }
  ]
  "failed": 0
  "advisories": 0
  "check": {
    "ran": true
    "declared": true
    "command": "echo scoped . b.txt"
    "exit_code": 0
    "tail": [
      "scoped . b.txt"
    ]
  }
  "pattern": {
    "advisory_writes": 0
    "window": 1
    "fires": false
  }
}

== check_scoped_rename human
exit 0
counts applied=1 check_not_run=0 failed_check=0 partially_applied=0 refused_apply=0 refused_parse=0 landed 1
pricing strict_candidates=0 strict_would_refuse=0 strict_would_refuse_broke=0 strict_would_refuse_held=0 strict_would_refuse_unchecked=0
ok   a.go - rename  -0 +0
removed a.go  2L -> 0L  was sha dfd5090a, renamed to b.txt
created b.txt  0L -> 2L  sha dfd5090a
1 hunk(s), 2 file(s), 0 failed, 0 advisories — applied
check (declared): echo scoped . b.txt
  | scoped . b.txt
check PASS (exit 0, <DUR>)

== check_drift json
exit 0
counts applied=1 check_not_run=0 failed_check=0 partially_applied=0 refused_apply=0 refused_parse=0 landed 1
pricing strict_candidates=1 strict_would_refuse=0 strict_would_refuse_broke=0 strict_would_refuse_held=0 strict_would_refuse_unchecked=0
{
  "root": "<ROOT>"
  "dry_run": false
  "applied": true
  "files": [
    {
      "path": "a.go"
      "written": true
      "sha_before": "dfd5090af6d062648be2bf0eac2d20644241ae2e07418ba30e453ab7a46f393d"
      "sha_after": "86ab99a1d74ecb52932a081e843518a092ae596671539bb9a6eb46a493771e9c"
      "lines_before": 2
      "lines_after": 2
    }
  ]
  "hunks": [
    {
      "path": "a.go"
      "addr": "2"
      "op": "replace"
      "status": "ok"
      "removed": 1
      "added": 1
      "plan_line": 1
    }
  ]
  "failed": 0
  "advisories": 0
  "check": {
    "ran": true
    "declared": true
    "command": "printf x \u003e\u003e a.go"
    "exit_code": 0
  }
  "pattern": {
    "advisory_writes": 0
    "window": 1
    "fires": false
  }
  "drift": [
    "a.go"
  ]
}

== check_drift human
exit 0
counts applied=1 check_not_run=0 failed_check=0 partially_applied=0 refused_apply=0 refused_parse=0 landed 1
pricing strict_candidates=1 strict_would_refuse=0 strict_would_refuse_broke=0 strict_would_refuse_held=0 strict_would_refuse_unchecked=0
ok   a.go 2 replace  -1 +1
wrote a.go  2L -> 2L  sha 86ab99a1
1 hunk(s), 1 file(s), 0 failed, 0 advisories — applied
check (declared): printf x >> a.go
check PASS (exit 0, <DUR>)
drift: a.go changed while the check ran

== step_passed json
exit 0
counts applied=1 check_not_run=0 failed_check=0 partially_applied=0 refused_apply=0 refused_parse=0 landed 1
pricing strict_candidates=1 strict_would_refuse=0 strict_would_refuse_broke=0 strict_would_refuse_held=0 strict_would_refuse_unchecked=0
{
  "root": "<ROOT>"
  "dry_run": false
  "applied": true
  "files": [
    {
      "path": "a.go"
      "written": true
      "sha_before": "dfd5090af6d062648be2bf0eac2d20644241ae2e07418ba30e453ab7a46f393d"
      "sha_after": "86ab99a1d74ecb52932a081e843518a092ae596671539bb9a6eb46a493771e9c"
      "lines_before": 2
      "lines_after": 2
    }
  ]
  "hunks": [
    {
      "path": "a.go"
      "addr": "2"
      "op": "replace"
      "status": "ok"
      "removed": 1
      "added": 1
      "plan_line": 1
    }
  ]
  "failed": 0
  "advisories": 0
  "check": {
    "ran": true
    "declared": true
    "command": "exit 0"
    "exit_code": 0
  }
  "pattern": {
    "advisory_writes": 0
    "window": 1
    "fires": false
  }
  "then": {
    "steps": [
      {
        "command": "echo fine"
        "adhoc": true
        "status": "pass"
        "ran": true
        "exit_code": 0
        "tail": [
          "fine"
        ]
      }
    ]
    "pruned_logs": 0
  }
}

== step_passed human
exit 0
counts applied=1 check_not_run=0 failed_check=0 partially_applied=0 refused_apply=0 refused_parse=0 landed 1
pricing strict_candidates=1 strict_would_refuse=0 strict_would_refuse_broke=0 strict_would_refuse_held=0 strict_would_refuse_unchecked=0
ok   a.go 2 replace  -1 +1
wrote a.go  2L -> 2L  sha 86ab99a1
1 hunk(s), 1 file(s), 0 failed, 0 advisories — applied
check (declared): exit 0
check PASS (exit 0, <DUR>)
then 1/1 --then-sh: echo fine — PASS
  | fine

== step_named_passed json
exit 0
counts applied=1 check_not_run=0 failed_check=0 partially_applied=0 refused_apply=0 refused_parse=0 landed 1
pricing strict_candidates=1 strict_would_refuse=0 strict_would_refuse_broke=0 strict_would_refuse_held=0 strict_would_refuse_unchecked=0
{
  "root": "<ROOT>"
  "dry_run": false
  "applied": true
  "files": [
    {
      "path": "a.go"
      "written": true
      "sha_before": "dfd5090af6d062648be2bf0eac2d20644241ae2e07418ba30e453ab7a46f393d"
      "sha_after": "86ab99a1d74ecb52932a081e843518a092ae596671539bb9a6eb46a493771e9c"
      "lines_before": 2
      "lines_after": 2
    }
  ]
  "hunks": [
    {
      "path": "a.go"
      "addr": "2"
      "op": "replace"
      "status": "ok"
      "removed": 1
      "added": 1
      "plan_line": 1
    }
  ]
  "failed": 0
  "advisories": 0
  "check": {
    "ran": true
    "declared": true
    "command": "exit 0"
    "exit_code": 0
  }
  "pattern": {
    "advisory_writes": 0
    "window": 1
    "fires": false
  }
  "then": {
    "steps": [
      {
        "name": "vet"
        "command": "echo vetted"
        "adhoc": false
        "status": "pass"
        "ran": true
        "exit_code": 0
        "tail": [
          "vetted"
        ]
      }
    ]
    "pruned_logs": 0
  }
}

== step_named_passed human
exit 0
counts applied=1 check_not_run=0 failed_check=0 partially_applied=0 refused_apply=0 refused_parse=0 landed 1
pricing strict_candidates=1 strict_would_refuse=0 strict_would_refuse_broke=0 strict_would_refuse_held=0 strict_would_refuse_unchecked=0
ok   a.go 2 replace  -1 +1
wrote a.go  2L -> 2L  sha 86ab99a1
1 hunk(s), 1 file(s), 0 failed, 0 advisories — applied
check (declared): exit 0
check PASS (exit 0, <DUR>)
then 1/1 vet: echo vetted — PASS
  | vetted

== step_failed json
exit 3
counts applied=0 check_not_run=0 failed_check=1 partially_applied=0 refused_apply=0 refused_parse=0 landed 1
pricing strict_candidates=1 strict_would_refuse=0 strict_would_refuse_broke=0 strict_would_refuse_held=0 strict_would_refuse_unchecked=0
{
  "root": "<ROOT>"
  "dry_run": false
  "applied": true
  "files": [
    {
      "path": "a.go"
      "written": true
      "sha_before": "dfd5090af6d062648be2bf0eac2d20644241ae2e07418ba30e453ab7a46f393d"
      "sha_after": "86ab99a1d74ecb52932a081e843518a092ae596671539bb9a6eb46a493771e9c"
      "lines_before": 2
      "lines_after": 2
    }
  ]
  "hunks": [
    {
      "path": "a.go"
      "addr": "2"
      "op": "replace"
      "status": "ok"
      "removed": 1
      "added": 1
      "plan_line": 1
    }
  ]
  "failed": 0
  "advisories": 0
  "check": {
    "ran": true
    "declared": true
    "command": "exit 0"
    "exit_code": 0
  }
  "pattern": {
    "advisory_writes": 0
    "window": 1
    "fires": false
  }
  "then": {
    "steps": [
      {
        "command": "exit 4"
        "adhoc": true
        "status": "fail"
        "ran": true
        "exit_code": 4
        "output_file": "<TMP>/<LOG>"
      }
      {
        "command": "echo never"
        "adhoc": true
        "status": "not_run"
        "ran": false
        "exit_code": -1
      }
    ]
    "pruned_logs": 0
  }
}
the write applied but step 1 (--then-sh) did not pass — the tree is changed and unverified
== step_failed human
exit 3
counts applied=0 check_not_run=0 failed_check=1 partially_applied=0 refused_apply=0 refused_parse=0 landed 1
pricing strict_candidates=1 strict_would_refuse=0 strict_would_refuse_broke=0 strict_would_refuse_held=0 strict_would_refuse_unchecked=0
ok   a.go 2 replace  -1 +1
wrote a.go  2L -> 2L  sha 86ab99a1
1 hunk(s), 1 file(s), 0 failed, 0 advisories — applied
check (declared): exit 0
check PASS (exit 0, <DUR>)
then 1/2 --then-sh: exit 4 — FAIL exit 4
full output: <TMP>/<LOG>
then 2/2 --then-sh: echo never — NOT RUN
the write applied but step 1 (--then-sh) did not pass — the tree is changed and unverified
== step_timed_out json
exit 3
counts applied=0 check_not_run=0 failed_check=1 partially_applied=0 refused_apply=0 refused_parse=0 landed 1
pricing strict_candidates=1 strict_would_refuse=0 strict_would_refuse_broke=0 strict_would_refuse_held=0 strict_would_refuse_unchecked=0
{
  "root": "<ROOT>"
  "dry_run": false
  "applied": true
  "files": [
    {
      "path": "a.go"
      "written": true
      "sha_before": "dfd5090af6d062648be2bf0eac2d20644241ae2e07418ba30e453ab7a46f393d"
      "sha_after": "86ab99a1d74ecb52932a081e843518a092ae596671539bb9a6eb46a493771e9c"
      "lines_before": 2
      "lines_after": 2
    }
  ]
  "hunks": [
    {
      "path": "a.go"
      "addr": "2"
      "op": "replace"
      "status": "ok"
      "removed": 1
      "added": 1
      "plan_line": 1
    }
  ]
  "failed": 0
  "advisories": 0
  "check": {
    "ran": true
    "declared": true
    "command": "exit 0"
    "exit_code": 0
  }
  "pattern": {
    "advisory_writes": 0
    "window": 1
    "fires": false
  }
  "then": {
    "steps": [
      {
        "command": "sleep 5"
        "adhoc": true
        "status": "timed_out"
        "ran": true
        "exit_code": -1
        "output_file": "<TMP>/<LOG>"
        "skipped": "timed out after 1s"
      }
    ]
    "pruned_logs": 0
  }
}
the write applied but step 1 (--then-sh) did not pass — the tree is changed and unverified
== step_timed_out human
exit 3
counts applied=0 check_not_run=0 failed_check=1 partially_applied=0 refused_apply=0 refused_parse=0 landed 1
pricing strict_candidates=1 strict_would_refuse=0 strict_would_refuse_broke=0 strict_would_refuse_held=0 strict_would_refuse_unchecked=0
ok   a.go 2 replace  -1 +1
wrote a.go  2L -> 2L  sha 86ab99a1
1 hunk(s), 1 file(s), 0 failed, 0 advisories — applied
check (declared): exit 0
check PASS (exit 0, <DUR>)
then 1/1 --then-sh: sleep 5 — TIMED OUT: timed out after 1s
full output: <TMP>/<LOG>
the write applied but step 1 (--then-sh) did not pass — the tree is changed and unverified
== step_after_failed_check json
exit 3
counts applied=0 check_not_run=0 failed_check=1 partially_applied=0 refused_apply=0 refused_parse=0 landed 1
pricing strict_candidates=1 strict_would_refuse=0 strict_would_refuse_broke=0 strict_would_refuse_held=0 strict_would_refuse_unchecked=0
{
  "root": "<ROOT>"
  "dry_run": false
  "applied": true
  "files": [
    {
      "path": "a.go"
      "written": true
      "sha_before": "dfd5090af6d062648be2bf0eac2d20644241ae2e07418ba30e453ab7a46f393d"
      "sha_after": "86ab99a1d74ecb52932a081e843518a092ae596671539bb9a6eb46a493771e9c"
      "lines_before": 2
      "lines_after": 2
    }
  ]
  "hunks": [
    {
      "path": "a.go"
      "addr": "2"
      "op": "replace"
      "status": "ok"
      "removed": 1
      "added": 1
      "plan_line": 1
    }
  ]
  "failed": 0
  "advisories": 0
  "check": {
    "ran": true
    "declared": true
    "command": "exit 3"
    "exit_code": 3
    "output_file": "<TMP>/<LOG>"
  }
  "pattern": {
    "advisory_writes": 0
    "window": 1
    "fires": false
  }
  "then": {
    "steps": [
      {
        "command": "exit 0"
        "adhoc": true
        "status": "not_run"
        "ran": false
        "exit_code": -1
      }
    ]
    "pruned_logs": 0
  }
}
the write applied but the check did not pass — the tree is changed and unverified
== step_after_failed_check human
exit 3
counts applied=0 check_not_run=0 failed_check=1 partially_applied=0 refused_apply=0 refused_parse=0 landed 1
pricing strict_candidates=1 strict_would_refuse=0 strict_would_refuse_broke=0 strict_would_refuse_held=0 strict_would_refuse_unchecked=0
ok   a.go 2 replace  -1 +1
wrote a.go  2L -> 2L  sha 86ab99a1
1 hunk(s), 1 file(s), 0 failed, 0 advisories — applied
check (declared): exit 3
check FAIL (exit 3, <DUR>) — full output: <TMP>/<LOG>
then 1/1 --then-sh: exit 0 — NOT RUN
the write applied but the check did not pass — the tree is changed and unverified
== step_could_not_start json
exit 2
counts applied=0 check_not_run=1 failed_check=0 partially_applied=0 refused_apply=0 refused_parse=0 landed 1
pricing strict_candidates=0 strict_would_refuse=0 strict_would_refuse_broke=0 strict_would_refuse_held=0 strict_would_refuse_unchecked=0
{
  "root": "<ROOT>"
  "dry_run": false
  "applied": true
  "files": [
    {
      "path": "notes.md"
      "written": true
      "sha_before": "9b59fb3d9aa14f629f10689663d0a7debb079a43fe874259909a4c5d55226616"
      "sha_after": "4ab07b28bfb46be8669494205131e88a80f57b8286c3da01200a00f94f4f0b9d"
      "lines_before": 2
      "lines_after": 2
    }
  ]
  "hunks": [
    {
      "path": "notes.md"
      "addr": "2"
      "op": "replace"
      "status": "ok"
      "removed": 1
      "added": 1
      "plan_line": 1
    }
  ]
  "failed": 0
  "advisories": 0
  "pattern": {
    "advisory_writes": 0
    "window": 1
    "fires": false
  }
  "then": {
    "steps": [
      {
        "command": "true"
        "adhoc": true
        "status": "could_not_start"
        "ran": false
        "exit_code": -1
        "skipped": "could not start: exec: \"sh\": executable file not found in $PATH — no sh on PATH"
      }
    ]
    "pruned_logs": 0
  }
}
the write applied but step 1 (--then-sh) could not start: exec: "sh": executable file not found in $PATH — no sh on PATH
== step_could_not_start human
exit 2
counts applied=0 check_not_run=1 failed_check=0 partially_applied=0 refused_apply=0 refused_parse=0 landed 1
pricing strict_candidates=0 strict_would_refuse=0 strict_would_refuse_broke=0 strict_would_refuse_held=0 strict_would_refuse_unchecked=0
ok   notes.md 2 replace  -1 +1
wrote notes.md  2L -> 2L  sha 4ab07b28
1 hunk(s), 1 file(s), 0 failed, 0 advisories — applied
then 1/1 --then-sh: true — COULD NOT START: exec: "sh": executable file not found in $PATH — no sh on PATH
the write applied but step 1 (--then-sh) could not start: exec: "sh": executable file not found in $PATH — no sh on PATH
== strict_balance_advisory json
exit 0
counts applied=1 check_not_run=0 failed_check=0 partially_applied=0 refused_apply=0 refused_parse=0 landed 1
pricing strict_candidates=0 strict_would_refuse=0 strict_would_refuse_broke=0 strict_would_refuse_held=0 strict_would_refuse_unchecked=0
{
  "root": "<ROOT>"
  "dry_run": false
  "applied": true
  "files": [
    {
      "path": "a.go"
      "written": true
      "sha_before": "dfd5090af6d062648be2bf0eac2d20644241ae2e07418ba30e453ab7a46f393d"
      "sha_after": "8916c0d3505573a95675913f3cd482f2a07a4d47ce581e9c087ec0700f7c1f15"
      "lines_before": 2
      "lines_after": 2
    }
  ]
  "hunks": [
    {
      "path": "a.go"
      "addr": "2"
      "op": "replace"
      "status": "ok"
      "removed": 1
      "added": 1
      "plan_line": 1
      "balance": "{ +0 → +1"
    }
  ]
  "failed": 0
  "advisories": 1
  "check": {
    "ran": true
    "declared": true
    "command": "exit 0"
    "exit_code": 0
  }
  "pattern": {
    "advisory_writes": 1
    "window": 1
    "fires": false
  }
}

== strict_balance_advisory human
exit 0
counts applied=1 check_not_run=0 failed_check=0 partially_applied=0 refused_apply=0 refused_parse=0 landed 1
pricing strict_candidates=0 strict_would_refuse=0 strict_would_refuse_broke=0 strict_would_refuse_held=0 strict_would_refuse_unchecked=0
ok   a.go 2 replace  -1 +1
     balance { +0 → +1 (delimiters in the replaced lines vs the body; not a checker)
wrote a.go  2L -> 2L  sha 8916c0d3
1 hunk(s), 1 file(s), 0 failed, 1 advisory — applied
check (declared): exit 0
check PASS (exit 0, <DUR>)

== strict_balance_refused json
exit 1
counts applied=0 check_not_run=0 failed_check=0 partially_applied=0 refused_apply=1 refused_parse=0 landed 0
pricing strict_candidates=0 strict_would_refuse=0 strict_would_refuse_broke=0 strict_would_refuse_held=0 strict_would_refuse_unchecked=0
{
  "root": "<ROOT>"
  "dry_run": false
  "applied": false
  "files": [
    {
      "path": "b.go"
      "written": false
      "sha_before": "a2e943ce0ee569e59570c19351d4da3b3d417cbfbbf37c15c3dbfbb01124b163"
      "lines_before": 3
      "lines_after": 0
    }
  ]
  "hunks": [
    {
      "path": "b.go"
      "addr": "2"
      "op": "replace"
      "status": "failed"
      "reason": "replace of 2 under --strict-balance: { +1 → +0 — the replaced line's delimiters do not balance and the body does not match them (the wrap-tail shape); drop the flag for this plan if the brace is inside a string"
      "removed": 0
      "added": 0
      "plan_line": 1
    }
  ]
  "failed": 1
  "advisories": 0
  "pattern": {
    "advisory_writes": 0
    "window": 0
    "fires": false
  }
}
1 hunk(s) failed — nothing was written
== strict_balance_refused human
exit 1
counts applied=0 check_not_run=0 failed_check=0 partially_applied=0 refused_apply=1 refused_parse=0 landed 0
pricing strict_candidates=0 strict_would_refuse=0 strict_would_refuse_broke=0 strict_would_refuse_held=0 strict_would_refuse_unchecked=0
FAIL b.go 2 replace (plan line 1): replace of 2 under --strict-balance: { +1 → +0 — the replaced line's delimiters do not balance and the body does not match them (the wrap-tail shape); drop the flag for this plan if the brace is inside a string
1 hunk(s), 1 file(s), 1 failed, 0 advisories — NOTHING WRITTEN
1 hunk(s) failed — nothing was written
== pricing_would_refuse_held json
exit 0
counts applied=1 check_not_run=0 failed_check=0 partially_applied=0 refused_apply=0 refused_parse=0 landed 1
pricing strict_candidates=1 strict_would_refuse=1 strict_would_refuse_broke=0 strict_would_refuse_held=1 strict_would_refuse_unchecked=0
{
  "root": "<ROOT>"
  "dry_run": false
  "applied": true
  "files": [
    {
      "path": "b.go"
      "written": true
      "sha_before": "a2e943ce0ee569e59570c19351d4da3b3d417cbfbbf37c15c3dbfbb01124b163"
      "sha_after": "2a35510af602003ad934fa37529deff963056206e2e1bf2bd183e2c8db4c40d3"
      "lines_before": 3
      "lines_after": 3
    }
  ]
  "hunks": [
    {
      "path": "b.go"
      "addr": "2"
      "op": "replace"
      "status": "ok"
      "removed": 1
      "added": 1
      "plan_line": 1
      "balance": "{ +1 → +0"
    }
  ]
  "failed": 0
  "advisories": 1
  "check": {
    "ran": true
    "declared": true
    "command": "exit 0"
    "exit_code": 0
  }
  "pattern": {
    "advisory_writes": 1
    "window": 1
    "fires": false
  }
}

== pricing_would_refuse_held human
exit 0
counts applied=1 check_not_run=0 failed_check=0 partially_applied=0 refused_apply=0 refused_parse=0 landed 1
pricing strict_candidates=1 strict_would_refuse=1 strict_would_refuse_broke=0 strict_would_refuse_held=1 strict_would_refuse_unchecked=0
ok   b.go 2 replace  -1 +1
     balance { +1 → +0 (delimiters in the replaced lines vs the body; not a checker)
wrote b.go  3L -> 3L  sha 2a35510a
1 hunk(s), 1 file(s), 0 failed, 1 advisory — applied
check (declared): exit 0
check PASS (exit 0, <DUR>)

== pricing_would_refuse_broke json
exit 3
counts applied=0 check_not_run=0 failed_check=1 partially_applied=0 refused_apply=0 refused_parse=0 landed 1
pricing strict_candidates=1 strict_would_refuse=1 strict_would_refuse_broke=1 strict_would_refuse_held=0 strict_would_refuse_unchecked=0
{
  "root": "<ROOT>"
  "dry_run": false
  "applied": true
  "files": [
    {
      "path": "b.go"
      "written": true
      "sha_before": "a2e943ce0ee569e59570c19351d4da3b3d417cbfbbf37c15c3dbfbb01124b163"
      "sha_after": "2a35510af602003ad934fa37529deff963056206e2e1bf2bd183e2c8db4c40d3"
      "lines_before": 3
      "lines_after": 3
    }
  ]
  "hunks": [
    {
      "path": "b.go"
      "addr": "2"
      "op": "replace"
      "status": "ok"
      "removed": 1
      "added": 1
      "plan_line": 1
      "balance": "{ +1 → +0"
    }
  ]
  "failed": 0
  "advisories": 1
  "check": {
    "ran": true
    "declared": true
    "command": "exit 3"
    "exit_code": 3
    "output_file": "<TMP>/<LOG>"
  }
  "pattern": {
    "advisory_writes": 1
    "window": 1
    "fires": false
  }
}
the write applied but the check did not pass — the tree is changed and unverified
== pricing_would_refuse_broke human
exit 3
counts applied=0 check_not_run=0 failed_check=1 partially_applied=0 refused_apply=0 refused_parse=0 landed 1
pricing strict_candidates=1 strict_would_refuse=1 strict_would_refuse_broke=1 strict_would_refuse_held=0 strict_would_refuse_unchecked=0
ok   b.go 2 replace  -1 +1
     balance { +1 → +0 (delimiters in the replaced lines vs the body; not a checker)
wrote b.go  3L -> 3L  sha 2a35510a
1 hunk(s), 1 file(s), 0 failed, 1 advisory — applied
check (declared): exit 3
check FAIL (exit 3, <DUR>) — full output: <TMP>/<LOG>
the write applied but the check did not pass — the tree is changed and unverified
== pattern_fires json
exit 0
counts applied=3 check_not_run=0 failed_check=0 partially_applied=0 refused_apply=0 refused_parse=0 landed 3
pricing strict_candidates=3 strict_would_refuse=1 strict_would_refuse_broke=0 strict_would_refuse_held=0 strict_would_refuse_unchecked=1
{
  "root": "<ROOT>"
  "dry_run": false
  "applied": true
  "files": [
    {
      "path": "a.go"
      "written": true
      "sha_before": "dfd5090af6d062648be2bf0eac2d20644241ae2e07418ba30e453ab7a46f393d"
      "sha_after": "8916c0d3505573a95675913f3cd482f2a07a4d47ce581e9c087ec0700f7c1f15"
      "lines_before": 2
      "lines_after": 2
    }
  ]
  "hunks": [
    {
      "path": "a.go"
      "addr": "2"
      "op": "replace"
      "status": "ok"
      "removed": 1
      "added": 1
      "plan_line": 1
      "balance": "{ +0 → +1"
    }
  ]
  "failed": 0
  "advisories": 1
  "check": {
    "ran": true
    "declared": true
    "command": "exit 0"
    "exit_code": 0
  }
  "pattern": {
    "advisory_writes": 3
    "window": 3
    "fires": true
  }
}

== pattern_fires human
exit 0
counts applied=3 check_not_run=0 failed_check=0 partially_applied=0 refused_apply=0 refused_parse=0 landed 3
pricing strict_candidates=3 strict_would_refuse=1 strict_would_refuse_broke=0 strict_would_refuse_held=0 strict_would_refuse_unchecked=1
ok   a.go 2 replace  -1 +1
     balance { +0 → +1 (delimiters in the replaced lines vs the body; not a checker)
wrote a.go  2L -> 2L  sha 8916c0d3
1 hunk(s), 1 file(s), 0 failed, 1 advisory — applied
pattern: 3 of your last 3 writes carried a balance advisory — read past the range before the next one
check (declared): exit 0
check PASS (exit 0, <DUR>)
